------------------------------------------------------------
TimeQuest Timing Analyzer Summary
------------------------------------------------------------

Type  : Setup 'wr'
Slack : -8.700
TNS   : -17.400

Type  : Hold 'wr'
Slack : -0.600
TNS   : -1.100

Type  : Minimum Pulse Width 'wr'
Slack : -3.500
TNS   : -21.000

Type  : Minimum Pulse Width 'a1'
Slack : -3.500
TNS   : -7.000

Type  : Minimum Pulse Width 'a14'
Slack : -3.500
TNS   : -7.000

Type  : Minimum Pulse Width 'a15'
Slack : -3.500
TNS   : -7.000

Type  : Minimum Pulse Width 'd_3'
Slack : -3.500
TNS   : -7.000

Type  : Minimum Pulse Width 'd_4'
Slack : -3.500
TNS   : -7.000

Type  : Minimum Pulse Width 'd_5'
Slack : -3.500
TNS   : -7.000

Type  : Minimum Pulse Width 'd_6'
Slack : -3.500
TNS   : -7.000

Type  : Minimum Pulse Width 'd_7'
Slack : -3.500
TNS   : -7.000

Type  : Minimum Pulse Width 'iorq'
Slack : -3.500
TNS   : -7.000

Type  : Minimum Pulse Width 'm1'
Slack : -3.500
TNS   : -7.000

------------------------------------------------------------
