TimeQuest Timing Analyzer report for EPM3032_YM2149x2
Sun Nov 13 00:50:46 2022
Quartus II 64-Bit Version 13.0.1 Build 232 06/12/2013 Service Pack 1 SJ Web Edition


---------------------
; Table of Contents ;
---------------------
  1. Legal Notice
  2. TimeQuest Timing Analyzer Summary
  3. Parallel Compilation
  4. Clocks
  5. Fmax Summary
  6. Setup Summary
  7. Hold Summary
  8. Recovery Summary
  9. Removal Summary
 10. Minimum Pulse Width Summary
 11. Setup: 'wr'
 12. Hold: 'wr'
 13. Minimum Pulse Width: 'wr'
 14. Minimum Pulse Width: 'a1'
 15. Minimum Pulse Width: 'a14'
 16. Minimum Pulse Width: 'a15'
 17. Minimum Pulse Width: 'd_3'
 18. Minimum Pulse Width: 'd_4'
 19. Minimum Pulse Width: 'd_5'
 20. Minimum Pulse Width: 'd_6'
 21. Minimum Pulse Width: 'd_7'
 22. Minimum Pulse Width: 'iorq'
 23. Minimum Pulse Width: 'm1'
 24. Setup Times
 25. Hold Times
 26. Clock to Output Times
 27. Minimum Clock to Output Times
 28. Propagation Delay
 29. Minimum Propagation Delay
 30. Setup Transfers
 31. Hold Transfers
 32. Report TCCS
 33. Report RSKM
 34. Unconstrained Paths
 35. TimeQuest Timing Analyzer Messages



----------------
; Legal Notice ;
----------------
Copyright (C) 1991-2013 Altera Corporation
Your use of Altera Corporation's design tools, logic functions 
and other software and tools, and its AMPP partner logic 
functions, and any output files from any of the foregoing 
(including device programming or simulation files), and any 
associated documentation or information are expressly subject 
to the terms and conditions of the Altera Program License 
Subscription Agreement, Altera MegaCore Function License 
Agreement, or other applicable license agreement, including, 
without limitation, that your use is for the sole purpose of 
programming logic devices manufactured by Altera and sold by 
Altera or its authorized distributors.  Please refer to the 
applicable agreement for further details.



+----------------------------------------------------------------------------------------+
; TimeQuest Timing Analyzer Summary                                                      ;
+--------------------+-------------------------------------------------------------------+
; Quartus II Version ; Version 13.0.1 Build 232 06/12/2013 Service Pack 1 SJ Web Edition ;
; Revision Name      ; EPM3032_YM2149x2                                                  ;
; Device Family      ; MAX3000A                                                          ;
; Device Name        ; EPM3032ALC44-10                                                   ;
; Timing Models      ; Final                                                             ;
; Delay Model        ; Slow Model                                                        ;
; Rise/Fall Delays   ; Unavailable                                                       ;
+--------------------+-------------------------------------------------------------------+


Parallel compilation was disabled, but you have multiple processors available. Enable parallel compilation to reduce compilation time.
+-------------------------------------+
; Parallel Compilation                ;
+----------------------------+--------+
; Processors                 ; Number ;
+----------------------------+--------+
; Number detected on machine ; 8      ;
; Maximum allowed            ; 1      ;
+----------------------------+--------+


+----------------------------------------------------------------------------------------------------------------------------------------------------------------------------------+
; Clocks                                                                                                                                                                           ;
+------------+------+--------+------------+-------+-------+------------+-----------+-------------+-------+--------+-----------+------------+----------+--------+--------+----------+
; Clock Name ; Type ; Period ; Frequency  ; Rise  ; Fall  ; Duty Cycle ; Divide by ; Multiply by ; Phase ; Offset ; Edge List ; Edge Shift ; Inverted ; Master ; Source ; Targets  ;
+------------+------+--------+------------+-------+-------+------------+-----------+-------------+-------+--------+-----------+------------+----------+--------+--------+----------+
; a1         ; Base ; 1.000  ; 1000.0 MHz ; 0.000 ; 0.500 ;            ;           ;             ;       ;        ;           ;            ;          ;        ;        ; { a1 }   ;
; a14        ; Base ; 1.000  ; 1000.0 MHz ; 0.000 ; 0.500 ;            ;           ;             ;       ;        ;           ;            ;          ;        ;        ; { a14 }  ;
; a15        ; Base ; 1.000  ; 1000.0 MHz ; 0.000 ; 0.500 ;            ;           ;             ;       ;        ;           ;            ;          ;        ;        ; { a15 }  ;
; d_3        ; Base ; 1.000  ; 1000.0 MHz ; 0.000 ; 0.500 ;            ;           ;             ;       ;        ;           ;            ;          ;        ;        ; { d_3 }  ;
; d_4        ; Base ; 1.000  ; 1000.0 MHz ; 0.000 ; 0.500 ;            ;           ;             ;       ;        ;           ;            ;          ;        ;        ; { d_4 }  ;
; d_5        ; Base ; 1.000  ; 1000.0 MHz ; 0.000 ; 0.500 ;            ;           ;             ;       ;        ;           ;            ;          ;        ;        ; { d_5 }  ;
; d_6        ; Base ; 1.000  ; 1000.0 MHz ; 0.000 ; 0.500 ;            ;           ;             ;       ;        ;           ;            ;          ;        ;        ; { d_6 }  ;
; d_7        ; Base ; 1.000  ; 1000.0 MHz ; 0.000 ; 0.500 ;            ;           ;             ;       ;        ;           ;            ;          ;        ;        ; { d_7 }  ;
; iorq       ; Base ; 1.000  ; 1000.0 MHz ; 0.000 ; 0.500 ;            ;           ;             ;       ;        ;           ;            ;          ;        ;        ; { iorq } ;
; m1         ; Base ; 1.000  ; 1000.0 MHz ; 0.000 ; 0.500 ;            ;           ;             ;       ;        ;           ;            ;          ;        ;        ; { m1 }   ;
; wr         ; Base ; 1.000  ; 1000.0 MHz ; 0.000 ; 0.500 ;            ;           ;             ;       ;        ;           ;            ;          ;        ;        ; { wr }   ;
+------------+------+--------+------------+-------+-------+------------+-----------+-------------+-------+--------+-----------+------------+----------+--------+--------+----------+


+--------------------------------------------------+
; Fmax Summary                                     ;
+------------+-----------------+------------+------+
; Fmax       ; Restricted Fmax ; Clock Name ; Note ;
+------------+-----------------+------------+------+
; 103.09 MHz ; 103.09 MHz      ; wr         ;      ;
+------------+-----------------+------------+------+
This panel reports FMAX for every clock in the design, regardless of the user-specified clock periods.  FMAX is only computed for paths where the source and destination registers or ports are driven by the same clock.  Paths of different clocks, including generated clocks, are ignored.  For paths between a clock and its inversion, FMAX is computed as if the rising and falling edges are scaled along with FMAX, such that the duty cycle (in terms of a percentage) is maintained. Altera recommends that you always use clock constraints and other slack reports for sign-off analysis.


+--------------------------------+
; Setup Summary                  ;
+-------+--------+---------------+
; Clock ; Slack  ; End Point TNS ;
+-------+--------+---------------+
; wr    ; -8.700 ; -17.400       ;
+-------+--------+---------------+


+--------------------------------+
; Hold Summary                   ;
+-------+--------+---------------+
; Clock ; Slack  ; End Point TNS ;
+-------+--------+---------------+
; wr    ; -0.600 ; -1.100        ;
+-------+--------+---------------+


--------------------
; Recovery Summary ;
--------------------
No paths to report.


-------------------
; Removal Summary ;
-------------------
No paths to report.


+--------------------------------+
; Minimum Pulse Width Summary    ;
+-------+--------+---------------+
; Clock ; Slack  ; End Point TNS ;
+-------+--------+---------------+
; wr    ; -3.500 ; -21.000       ;
; a1    ; -3.500 ; -7.000        ;
; a14   ; -3.500 ; -7.000        ;
; a15   ; -3.500 ; -7.000        ;
; d_3   ; -3.500 ; -7.000        ;
; d_4   ; -3.500 ; -7.000        ;
; d_5   ; -3.500 ; -7.000        ;
; d_6   ; -3.500 ; -7.000        ;
; d_7   ; -3.500 ; -7.000        ;
; iorq  ; -3.500 ; -7.000        ;
; m1    ; -3.500 ; -7.000        ;
+-------+--------+---------------+


+----------------------------------------------------------------------------------------------------------+
; Setup: 'wr'                                                                                              ;
+--------+-------------+-------------+--------------+-------------+--------------+------------+------------+
; Slack  ; From Node   ; To Node     ; Launch Clock ; Latch Clock ; Relationship ; Clock Skew ; Data Delay ;
+--------+-------------+-------------+--------------+-------------+--------------+------------+------------+
; -8.700 ; pre_tapeout ; pre_tapeout ; wr           ; wr          ; 1.000        ; 0.000      ; 6.900      ;
; -8.700 ; pre_beeper  ; pre_beeper  ; wr           ; wr          ; 1.000        ; 0.000      ; 6.900      ;
; -3.100 ; d_3         ; pre_tapeout ; d_3          ; wr          ; 0.500        ; 6.200      ; 7.000      ;
; -3.100 ; iorq        ; pre_tapeout ; iorq         ; wr          ; 0.500        ; 6.200      ; 7.000      ;
; -3.100 ; iorq        ; pre_beeper  ; iorq         ; wr          ; 0.500        ; 6.200      ; 7.000      ;
; -3.000 ; d_4         ; pre_beeper  ; d_4          ; wr          ; 0.500        ; 6.200      ; 6.900      ;
; -2.600 ; d_3         ; pre_tapeout ; d_3          ; wr          ; 1.000        ; 6.200      ; 7.000      ;
; -2.600 ; iorq        ; pre_tapeout ; iorq         ; wr          ; 1.000        ; 6.200      ; 7.000      ;
; -2.600 ; iorq        ; pre_beeper  ; iorq         ; wr          ; 1.000        ; 6.200      ; 7.000      ;
; -2.500 ; d_4         ; pre_beeper  ; d_4          ; wr          ; 1.000        ; 6.200      ; 6.900      ;
+--------+-------------+-------------+--------------+-------------+--------------+------------+------------+


+----------------------------------------------------------------------------------------------------------+
; Hold: 'wr'                                                                                               ;
+--------+-------------+-------------+--------------+-------------+--------------+------------+------------+
; Slack  ; From Node   ; To Node     ; Launch Clock ; Latch Clock ; Relationship ; Clock Skew ; Data Delay ;
+--------+-------------+-------------+--------------+-------------+--------------+------------+------------+
; -0.600 ; d_4         ; pre_beeper  ; d_4          ; wr          ; 0.000        ; 6.200      ; 6.900      ;
; -0.500 ; d_3         ; pre_tapeout ; d_3          ; wr          ; 0.000        ; 6.200      ; 7.000      ;
; -0.500 ; iorq        ; pre_tapeout ; iorq         ; wr          ; 0.000        ; 6.200      ; 7.000      ;
; -0.500 ; iorq        ; pre_beeper  ; iorq         ; wr          ; 0.000        ; 6.200      ; 7.000      ;
; -0.100 ; d_4         ; pre_beeper  ; d_4          ; wr          ; -0.500       ; 6.200      ; 6.900      ;
; 0.000  ; d_3         ; pre_tapeout ; d_3          ; wr          ; -0.500       ; 6.200      ; 7.000      ;
; 0.000  ; iorq        ; pre_tapeout ; iorq         ; wr          ; -0.500       ; 6.200      ; 7.000      ;
; 0.000  ; iorq        ; pre_beeper  ; iorq         ; wr          ; -0.500       ; 6.200      ; 7.000      ;
; 5.600  ; pre_tapeout ; pre_tapeout ; wr           ; wr          ; 0.000        ; 0.000      ; 6.900      ;
; 5.600  ; pre_beeper  ; pre_beeper  ; wr           ; wr          ; 0.000        ; 0.000      ; 6.900      ;
+--------+-------------+-------------+--------------+-------------+--------------+------------+------------+


+--------------------------------------------------------------------------------------------------+
; Minimum Pulse Width: 'wr'                                                                        ;
+--------+--------------+----------------+------------------+-------+------------+-----------------+
; Slack  ; Actual Width ; Required Width ; Type             ; Clock ; Clock Edge ; Target          ;
+--------+--------------+----------------+------------------+-------+------------+-----------------+
; -3.500 ; 0.500        ; 4.000          ; High Pulse Width ; wr    ; Rise       ; YM_select       ;
; -3.500 ; 0.500        ; 4.000          ; Low Pulse Width  ; wr    ; Rise       ; YM_select       ;
; -3.500 ; 0.500        ; 4.000          ; High Pulse Width ; wr    ; Fall       ; pre_beeper      ;
; -3.500 ; 0.500        ; 4.000          ; Low Pulse Width  ; wr    ; Fall       ; pre_beeper      ;
; -3.500 ; 0.500        ; 4.000          ; High Pulse Width ; wr    ; Fall       ; pre_tapeout     ;
; -3.500 ; 0.500        ; 4.000          ; Low Pulse Width  ; wr    ; Fall       ; pre_tapeout     ;
; 0.500  ; 0.500        ; 0.000          ; High Pulse Width ; wr    ; Rise       ; YM_select|[1]   ;
; 0.500  ; 0.500        ; 0.000          ; Low Pulse Width  ; wr    ; Rise       ; YM_select|[1]   ;
; 0.500  ; 0.500        ; 0.000          ; High Pulse Width ; wr    ; Rise       ; pre_beeper|[4]  ;
; 0.500  ; 0.500        ; 0.000          ; Low Pulse Width  ; wr    ; Rise       ; pre_beeper|[4]  ;
; 0.500  ; 0.500        ; 0.000          ; High Pulse Width ; wr    ; Rise       ; pre_tapeout|[4] ;
; 0.500  ; 0.500        ; 0.000          ; Low Pulse Width  ; wr    ; Rise       ; pre_tapeout|[4] ;
; 0.500  ; 0.500        ; 0.000          ; High Pulse Width ; wr    ; Rise       ; wr|dataout      ;
; 0.500  ; 0.500        ; 0.000          ; Low Pulse Width  ; wr    ; Rise       ; wr|dataout      ;
+--------+--------------+----------------+------------------+-------+------------+-----------------+


+------------------------------------------------------------------------------------------------+
; Minimum Pulse Width: 'a1'                                                                      ;
+--------+--------------+----------------+------------------+-------+------------+---------------+
; Slack  ; Actual Width ; Required Width ; Type             ; Clock ; Clock Edge ; Target        ;
+--------+--------------+----------------+------------------+-------+------------+---------------+
; -3.500 ; 0.500        ; 4.000          ; High Pulse Width ; a1    ; Rise       ; YM_select     ;
; -3.500 ; 0.500        ; 4.000          ; Low Pulse Width  ; a1    ; Rise       ; YM_select     ;
; 0.500  ; 0.500        ; 0.000          ; High Pulse Width ; a1    ; Rise       ; YM_select|[2] ;
; 0.500  ; 0.500        ; 0.000          ; Low Pulse Width  ; a1    ; Rise       ; YM_select|[2] ;
; 0.500  ; 0.500        ; 0.000          ; High Pulse Width ; a1    ; Rise       ; a1|dataout    ;
; 0.500  ; 0.500        ; 0.000          ; Low Pulse Width  ; a1    ; Rise       ; a1|dataout    ;
+--------+--------------+----------------+------------------+-------+------------+---------------+


+-------------------------------------------------------------------------------------------------+
; Minimum Pulse Width: 'a14'                                                                      ;
+--------+--------------+----------------+------------------+-------+------------+----------------+
; Slack  ; Actual Width ; Required Width ; Type             ; Clock ; Clock Edge ; Target         ;
+--------+--------------+----------------+------------------+-------+------------+----------------+
; -3.500 ; 0.500        ; 4.000          ; High Pulse Width ; a14   ; Rise       ; YM_select      ;
; -3.500 ; 0.500        ; 4.000          ; Low Pulse Width  ; a14   ; Rise       ; YM_select      ;
; 0.500  ; 0.500        ; 0.000          ; High Pulse Width ; a14   ; Rise       ; YM_select|[10] ;
; 0.500  ; 0.500        ; 0.000          ; Low Pulse Width  ; a14   ; Rise       ; YM_select|[10] ;
; 0.500  ; 0.500        ; 0.000          ; High Pulse Width ; a14   ; Rise       ; a14|dataout    ;
; 0.500  ; 0.500        ; 0.000          ; Low Pulse Width  ; a14   ; Rise       ; a14|dataout    ;
+--------+--------------+----------------+------------------+-------+------------+----------------+


+------------------------------------------------------------------------------------------------+
; Minimum Pulse Width: 'a15'                                                                     ;
+--------+--------------+----------------+------------------+-------+------------+---------------+
; Slack  ; Actual Width ; Required Width ; Type             ; Clock ; Clock Edge ; Target        ;
+--------+--------------+----------------+------------------+-------+------------+---------------+
; -3.500 ; 0.500        ; 4.000          ; High Pulse Width ; a15   ; Rise       ; YM_select     ;
; -3.500 ; 0.500        ; 4.000          ; Low Pulse Width  ; a15   ; Rise       ; YM_select     ;
; 0.500  ; 0.500        ; 0.000          ; High Pulse Width ; a15   ; Rise       ; YM_select|[3] ;
; 0.500  ; 0.500        ; 0.000          ; Low Pulse Width  ; a15   ; Rise       ; YM_select|[3] ;
; 0.500  ; 0.500        ; 0.000          ; High Pulse Width ; a15   ; Rise       ; a15|dataout   ;
; 0.500  ; 0.500        ; 0.000          ; Low Pulse Width  ; a15   ; Rise       ; a15|dataout   ;
+--------+--------------+----------------+------------------+-------+------------+---------------+


+------------------------------------------------------------------------------------------------+
; Minimum Pulse Width: 'd_3'                                                                     ;
+--------+--------------+----------------+------------------+-------+------------+---------------+
; Slack  ; Actual Width ; Required Width ; Type             ; Clock ; Clock Edge ; Target        ;
+--------+--------------+----------------+------------------+-------+------------+---------------+
; -3.500 ; 0.500        ; 4.000          ; High Pulse Width ; d_3   ; Rise       ; YM_select     ;
; -3.500 ; 0.500        ; 4.000          ; Low Pulse Width  ; d_3   ; Rise       ; YM_select     ;
; 0.500  ; 0.500        ; 0.000          ; High Pulse Width ; d_3   ; Rise       ; YM_select|[5] ;
; 0.500  ; 0.500        ; 0.000          ; Low Pulse Width  ; d_3   ; Rise       ; YM_select|[5] ;
; 0.500  ; 0.500        ; 0.000          ; High Pulse Width ; d_3   ; Rise       ; d_3|dataout   ;
; 0.500  ; 0.500        ; 0.000          ; Low Pulse Width  ; d_3   ; Rise       ; d_3|dataout   ;
+--------+--------------+----------------+------------------+-------+------------+---------------+


+------------------------------------------------------------------------------------------------+
; Minimum Pulse Width: 'd_4'                                                                     ;
+--------+--------------+----------------+------------------+-------+------------+---------------+
; Slack  ; Actual Width ; Required Width ; Type             ; Clock ; Clock Edge ; Target        ;
+--------+--------------+----------------+------------------+-------+------------+---------------+
; -3.500 ; 0.500        ; 4.000          ; High Pulse Width ; d_4   ; Rise       ; YM_select     ;
; -3.500 ; 0.500        ; 4.000          ; Low Pulse Width  ; d_4   ; Rise       ; YM_select     ;
; 0.500  ; 0.500        ; 0.000          ; High Pulse Width ; d_4   ; Rise       ; YM_select|[6] ;
; 0.500  ; 0.500        ; 0.000          ; Low Pulse Width  ; d_4   ; Rise       ; YM_select|[6] ;
; 0.500  ; 0.500        ; 0.000          ; High Pulse Width ; d_4   ; Rise       ; d_4|dataout   ;
; 0.500  ; 0.500        ; 0.000          ; Low Pulse Width  ; d_4   ; Rise       ; d_4|dataout   ;
+--------+--------------+----------------+------------------+-------+------------+---------------+


+------------------------------------------------------------------------------------------------+
; Minimum Pulse Width: 'd_5'                                                                     ;
+--------+--------------+----------------+------------------+-------+------------+---------------+
; Slack  ; Actual Width ; Required Width ; Type             ; Clock ; Clock Edge ; Target        ;
+--------+--------------+----------------+------------------+-------+------------+---------------+
; -3.500 ; 0.500        ; 4.000          ; High Pulse Width ; d_5   ; Rise       ; YM_select     ;
; -3.500 ; 0.500        ; 4.000          ; Low Pulse Width  ; d_5   ; Rise       ; YM_select     ;
; 0.500  ; 0.500        ; 0.000          ; High Pulse Width ; d_5   ; Rise       ; YM_select|[7] ;
; 0.500  ; 0.500        ; 0.000          ; Low Pulse Width  ; d_5   ; Rise       ; YM_select|[7] ;
; 0.500  ; 0.500        ; 0.000          ; High Pulse Width ; d_5   ; Rise       ; d_5|dataout   ;
; 0.500  ; 0.500        ; 0.000          ; Low Pulse Width  ; d_5   ; Rise       ; d_5|dataout   ;
+--------+--------------+----------------+------------------+-------+------------+---------------+


+------------------------------------------------------------------------------------------------+
; Minimum Pulse Width: 'd_6'                                                                     ;
+--------+--------------+----------------+------------------+-------+------------+---------------+
; Slack  ; Actual Width ; Required Width ; Type             ; Clock ; Clock Edge ; Target        ;
+--------+--------------+----------------+------------------+-------+------------+---------------+
; -3.500 ; 0.500        ; 4.000          ; High Pulse Width ; d_6   ; Rise       ; YM_select     ;
; -3.500 ; 0.500        ; 4.000          ; Low Pulse Width  ; d_6   ; Rise       ; YM_select     ;
; 0.500  ; 0.500        ; 0.000          ; High Pulse Width ; d_6   ; Rise       ; YM_select|[8] ;
; 0.500  ; 0.500        ; 0.000          ; Low Pulse Width  ; d_6   ; Rise       ; YM_select|[8] ;
; 0.500  ; 0.500        ; 0.000          ; High Pulse Width ; d_6   ; Rise       ; d_6|dataout   ;
; 0.500  ; 0.500        ; 0.000          ; Low Pulse Width  ; d_6   ; Rise       ; d_6|dataout   ;
+--------+--------------+----------------+------------------+-------+------------+---------------+


+------------------------------------------------------------------------------------------------+
; Minimum Pulse Width: 'd_7'                                                                     ;
+--------+--------------+----------------+------------------+-------+------------+---------------+
; Slack  ; Actual Width ; Required Width ; Type             ; Clock ; Clock Edge ; Target        ;
+--------+--------------+----------------+------------------+-------+------------+---------------+
; -3.500 ; 0.500        ; 4.000          ; High Pulse Width ; d_7   ; Rise       ; YM_select     ;
; -3.500 ; 0.500        ; 4.000          ; Low Pulse Width  ; d_7   ; Rise       ; YM_select     ;
; 0.500  ; 0.500        ; 0.000          ; High Pulse Width ; d_7   ; Rise       ; YM_select|[9] ;
; 0.500  ; 0.500        ; 0.000          ; Low Pulse Width  ; d_7   ; Rise       ; YM_select|[9] ;
; 0.500  ; 0.500        ; 0.000          ; High Pulse Width ; d_7   ; Rise       ; d_7|dataout   ;
; 0.500  ; 0.500        ; 0.000          ; Low Pulse Width  ; d_7   ; Rise       ; d_7|dataout   ;
+--------+--------------+----------------+------------------+-------+------------+---------------+


+------------------------------------------------------------------------------------------------+
; Minimum Pulse Width: 'iorq'                                                                    ;
+--------+--------------+----------------+------------------+-------+------------+---------------+
; Slack  ; Actual Width ; Required Width ; Type             ; Clock ; Clock Edge ; Target        ;
+--------+--------------+----------------+------------------+-------+------------+---------------+
; -3.500 ; 0.500        ; 4.000          ; High Pulse Width ; iorq  ; Rise       ; YM_select     ;
; -3.500 ; 0.500        ; 4.000          ; Low Pulse Width  ; iorq  ; Rise       ; YM_select     ;
; 0.500  ; 0.500        ; 0.000          ; High Pulse Width ; iorq  ; Rise       ; YM_select|[4] ;
; 0.500  ; 0.500        ; 0.000          ; Low Pulse Width  ; iorq  ; Rise       ; YM_select|[4] ;
; 0.500  ; 0.500        ; 0.000          ; High Pulse Width ; iorq  ; Rise       ; iorq|dataout  ;
; 0.500  ; 0.500        ; 0.000          ; Low Pulse Width  ; iorq  ; Rise       ; iorq|dataout  ;
+--------+--------------+----------------+------------------+-------+------------+---------------+


+-------------------------------------------------------------------------------------------------+
; Minimum Pulse Width: 'm1'                                                                       ;
+--------+--------------+----------------+------------------+-------+------------+----------------+
; Slack  ; Actual Width ; Required Width ; Type             ; Clock ; Clock Edge ; Target         ;
+--------+--------------+----------------+------------------+-------+------------+----------------+
; -3.500 ; 0.500        ; 4.000          ; High Pulse Width ; m1    ; Rise       ; YM_select      ;
; -3.500 ; 0.500        ; 4.000          ; Low Pulse Width  ; m1    ; Rise       ; YM_select      ;
; 0.500  ; 0.500        ; 0.000          ; High Pulse Width ; m1    ; Rise       ; YM_select|[11] ;
; 0.500  ; 0.500        ; 0.000          ; Low Pulse Width  ; m1    ; Rise       ; YM_select|[11] ;
; 0.500  ; 0.500        ; 0.000          ; High Pulse Width ; m1    ; Rise       ; m1|dataout     ;
; 0.500  ; 0.500        ; 0.000          ; Low Pulse Width  ; m1    ; Rise       ; m1|dataout     ;
+--------+--------------+----------------+------------------+-------+------------+----------------+


+-----------------------------------------------------------------------+
; Setup Times                                                           ;
+-----------+------------+-------+-------+------------+-----------------+
; Data Port ; Clock Port ; Rise  ; Fall  ; Clock Edge ; Clock Reference ;
+-----------+------------+-------+-------+------------+-----------------+
; d_0       ; a1         ; 3.500 ; 3.500 ; Rise       ; a1              ;
; d_0       ; a14        ; 3.500 ; 3.500 ; Rise       ; a14             ;
; d_0       ; a15        ; 3.500 ; 3.500 ; Rise       ; a15             ;
; d_0       ; d_3        ; 3.500 ; 3.500 ; Rise       ; d_3             ;
; d_0       ; d_4        ; 3.600 ; 3.600 ; Rise       ; d_4             ;
; d_0       ; d_5        ; 3.600 ; 3.600 ; Rise       ; d_5             ;
; d_0       ; d_6        ; 3.600 ; 3.600 ; Rise       ; d_6             ;
; d_0       ; d_7        ; 3.600 ; 3.600 ; Rise       ; d_7             ;
; d_0       ; iorq       ; 3.500 ; 3.500 ; Rise       ; iorq            ;
; d_0       ; m1         ; 3.500 ; 3.500 ; Rise       ; m1              ;
; d_0       ; wr         ; 3.500 ; 3.500 ; Rise       ; wr              ;
; a0        ; wr         ; 3.600 ; 3.600 ; Fall       ; wr              ;
; d_3       ; wr         ; 3.600 ; 3.600 ; Fall       ; wr              ;
; d_4       ; wr         ; 3.500 ; 3.500 ; Fall       ; wr              ;
; iorq      ; wr         ; 3.600 ; 3.600 ; Fall       ; wr              ;
+-----------+------------+-------+-------+------------+-----------------+


+-----------------------------------------------------------------------+
; Hold Times                                                            ;
+-----------+------------+-------+-------+------------+-----------------+
; Data Port ; Clock Port ; Rise  ; Fall  ; Clock Edge ; Clock Reference ;
+-----------+------------+-------+-------+------------+-----------------+
; d_0       ; a1         ; 0.600 ; 0.600 ; Rise       ; a1              ;
; d_0       ; a14        ; 0.600 ; 0.600 ; Rise       ; a14             ;
; d_0       ; a15        ; 0.600 ; 0.600 ; Rise       ; a15             ;
; d_0       ; d_3        ; 0.600 ; 0.600 ; Rise       ; d_3             ;
; d_0       ; d_4        ; 0.500 ; 0.500 ; Rise       ; d_4             ;
; d_0       ; d_5        ; 0.500 ; 0.500 ; Rise       ; d_5             ;
; d_0       ; d_6        ; 0.500 ; 0.500 ; Rise       ; d_6             ;
; d_0       ; d_7        ; 0.500 ; 0.500 ; Rise       ; d_7             ;
; d_0       ; iorq       ; 0.600 ; 0.600 ; Rise       ; iorq            ;
; d_0       ; m1         ; 0.600 ; 0.600 ; Rise       ; m1              ;
; d_0       ; wr         ; 0.600 ; 0.600 ; Rise       ; wr              ;
; a0        ; wr         ; 0.500 ; 0.500 ; Fall       ; wr              ;
; d_3       ; wr         ; 0.500 ; 0.500 ; Fall       ; wr              ;
; d_4       ; wr         ; 0.600 ; 0.600 ; Fall       ; wr              ;
; iorq      ; wr         ; 0.500 ; 0.500 ; Fall       ; wr              ;
+-----------+------------+-------+-------+------------+-----------------+


+-------------------------------------------------------------------------+
; Clock to Output Times                                                   ;
+-----------+------------+--------+--------+------------+-----------------+
; Data Port ; Clock Port ; Rise   ; Fall   ; Clock Edge ; Clock Reference ;
+-----------+------------+--------+--------+------------+-----------------+
; bc1       ; a1         ; 10.100 ; 10.100 ; Rise       ; a1              ;
; bdir      ; a1         ; 10.100 ; 10.100 ; Rise       ; a1              ;
; ioge_c    ; a1         ; 10.100 ; 10.100 ; Rise       ; a1              ;
; ym_0      ; a1         ; 9.500  ; 9.500  ; Rise       ; a1              ;
; ym_1      ; a1         ; 16.200 ; 16.200 ; Rise       ; a1              ;
; bc1       ; a1         ; 10.100 ; 10.100 ; Fall       ; a1              ;
; bdir      ; a1         ; 10.100 ; 10.100 ; Fall       ; a1              ;
; ioge_c    ; a1         ; 10.100 ; 10.100 ; Fall       ; a1              ;
; bc1       ; a14        ; 10.100 ; 10.100 ; Rise       ; a14             ;
; ioge_c    ; a14        ; 10.100 ; 10.100 ; Rise       ; a14             ;
; ym_0      ; a14        ; 9.500  ; 9.500  ; Rise       ; a14             ;
; ym_1      ; a14        ; 16.200 ; 16.200 ; Rise       ; a14             ;
; bc1       ; a14        ; 10.100 ; 10.100 ; Fall       ; a14             ;
; ioge_c    ; a14        ; 10.100 ; 10.100 ; Fall       ; a14             ;
; bc1       ; a15        ; 10.100 ; 10.100 ; Rise       ; a15             ;
; bdir      ; a15        ; 10.100 ; 10.100 ; Rise       ; a15             ;
; ioge_c    ; a15        ; 10.100 ; 10.100 ; Rise       ; a15             ;
; ym_0      ; a15        ; 9.500  ; 9.500  ; Rise       ; a15             ;
; ym_1      ; a15        ; 16.200 ; 16.200 ; Rise       ; a15             ;
; bc1       ; a15        ; 10.100 ; 10.100 ; Fall       ; a15             ;
; bdir      ; a15        ; 10.100 ; 10.100 ; Fall       ; a15             ;
; ioge_c    ; a15        ; 10.100 ; 10.100 ; Fall       ; a15             ;
; ym_0      ; d_3        ; 9.500  ; 9.500  ; Rise       ; d_3             ;
; ym_1      ; d_3        ; 16.200 ; 16.200 ; Rise       ; d_3             ;
; ym_0      ; d_4        ; 9.400  ; 9.400  ; Rise       ; d_4             ;
; ym_1      ; d_4        ; 16.100 ; 16.100 ; Rise       ; d_4             ;
; ym_0      ; d_5        ; 9.400  ; 9.400  ; Rise       ; d_5             ;
; ym_1      ; d_5        ; 16.100 ; 16.100 ; Rise       ; d_5             ;
; ym_0      ; d_6        ; 9.400  ; 9.400  ; Rise       ; d_6             ;
; ym_1      ; d_6        ; 16.100 ; 16.100 ; Rise       ; d_6             ;
; ym_0      ; d_7        ; 9.400  ; 9.400  ; Rise       ; d_7             ;
; ym_1      ; d_7        ; 16.100 ; 16.100 ; Rise       ; d_7             ;
; bc1       ; iorq       ; 10.100 ; 10.100 ; Rise       ; iorq            ;
; bdir      ; iorq       ; 10.100 ; 10.100 ; Rise       ; iorq            ;
; covox     ; iorq       ; 10.100 ; 10.100 ; Rise       ; iorq            ;
; ioge_c    ; iorq       ; 10.100 ; 10.100 ; Rise       ; iorq            ;
; ym_0      ; iorq       ; 9.500  ; 9.500  ; Rise       ; iorq            ;
; ym_1      ; iorq       ; 16.200 ; 16.200 ; Rise       ; iorq            ;
; bc1       ; iorq       ; 10.100 ; 10.100 ; Fall       ; iorq            ;
; bdir      ; iorq       ; 10.100 ; 10.100 ; Fall       ; iorq            ;
; covox     ; iorq       ; 10.100 ; 10.100 ; Fall       ; iorq            ;
; ioge_c    ; iorq       ; 10.100 ; 10.100 ; Fall       ; iorq            ;
; bc1       ; m1         ; 10.100 ; 10.100 ; Rise       ; m1              ;
; ioge_c    ; m1         ; 10.100 ; 10.100 ; Rise       ; m1              ;
; ym_0      ; m1         ; 9.500  ; 9.500  ; Rise       ; m1              ;
; ym_1      ; m1         ; 16.200 ; 16.200 ; Rise       ; m1              ;
; bc1       ; m1         ; 10.100 ; 10.100 ; Fall       ; m1              ;
; ioge_c    ; m1         ; 10.100 ; 10.100 ; Fall       ; m1              ;
; bdir      ; wr         ; 10.100 ; 10.100 ; Rise       ; wr              ;
; covox     ; wr         ; 10.100 ; 10.100 ; Rise       ; wr              ;
; ioge_c    ; wr         ; 10.100 ; 10.100 ; Rise       ; wr              ;
; ym_0      ; wr         ; 9.500  ; 9.500  ; Rise       ; wr              ;
; ym_1      ; wr         ; 16.200 ; 16.200 ; Rise       ; wr              ;
; bdir      ; wr         ; 10.100 ; 10.100 ; Fall       ; wr              ;
; beeper    ; wr         ; 9.500  ; 9.500  ; Fall       ; wr              ;
; covox     ; wr         ; 10.100 ; 10.100 ; Fall       ; wr              ;
; ioge_c    ; wr         ; 10.100 ; 10.100 ; Fall       ; wr              ;
; tapeout   ; wr         ; 9.500  ; 9.500  ; Fall       ; wr              ;
+-----------+------------+--------+--------+------------+-----------------+


+-------------------------------------------------------------------------+
; Minimum Clock to Output Times                                           ;
+-----------+------------+--------+--------+------------+-----------------+
; Data Port ; Clock Port ; Rise   ; Fall   ; Clock Edge ; Clock Reference ;
+-----------+------------+--------+--------+------------+-----------------+
; bc1       ; a1         ; 10.100 ; 10.100 ; Rise       ; a1              ;
; bdir      ; a1         ; 10.100 ; 10.100 ; Rise       ; a1              ;
; ioge_c    ; a1         ; 10.100 ; 10.100 ; Rise       ; a1              ;
; ym_0      ; a1         ; 9.500  ; 9.500  ; Rise       ; a1              ;
; ym_1      ; a1         ; 16.200 ; 16.200 ; Rise       ; a1              ;
; bc1       ; a1         ; 10.100 ; 10.100 ; Fall       ; a1              ;
; bdir      ; a1         ; 10.100 ; 10.100 ; Fall       ; a1              ;
; ioge_c    ; a1         ; 10.100 ; 10.100 ; Fall       ; a1              ;
; bc1       ; a14        ; 10.100 ; 10.100 ; Rise       ; a14             ;
; ioge_c    ; a14        ; 10.100 ; 10.100 ; Rise       ; a14             ;
; ym_0      ; a14        ; 9.500  ; 9.500  ; Rise       ; a14             ;
; ym_1      ; a14        ; 16.200 ; 16.200 ; Rise       ; a14             ;
; bc1       ; a14        ; 10.100 ; 10.100 ; Fall       ; a14             ;
; ioge_c    ; a14        ; 10.100 ; 10.100 ; Fall       ; a14             ;
; bc1       ; a15        ; 10.100 ; 10.100 ; Rise       ; a15             ;
; bdir      ; a15        ; 10.100 ; 10.100 ; Rise       ; a15             ;
; ioge_c    ; a15        ; 10.100 ; 10.100 ; Rise       ; a15             ;
; ym_0      ; a15        ; 9.500  ; 9.500  ; Rise       ; a15             ;
; ym_1      ; a15        ; 16.200 ; 16.200 ; Rise       ; a15             ;
; bc1       ; a15        ; 10.100 ; 10.100 ; Fall       ; a15             ;
; bdir      ; a15        ; 10.100 ; 10.100 ; Fall       ; a15             ;
; ioge_c    ; a15        ; 10.100 ; 10.100 ; Fall       ; a15             ;
; ym_0      ; d_3        ; 9.500  ; 9.500  ; Rise       ; d_3             ;
; ym_1      ; d_3        ; 16.200 ; 16.200 ; Rise       ; d_3             ;
; ym_0      ; d_4        ; 9.400  ; 9.400  ; Rise       ; d_4             ;
; ym_1      ; d_4        ; 16.100 ; 16.100 ; Rise       ; d_4             ;
; ym_0      ; d_5        ; 9.400  ; 9.400  ; Rise       ; d_5             ;
; ym_1      ; d_5        ; 16.100 ; 16.100 ; Rise       ; d_5             ;
; ym_0      ; d_6        ; 9.400  ; 9.400  ; Rise       ; d_6             ;
; ym_1      ; d_6        ; 16.100 ; 16.100 ; Rise       ; d_6             ;
; ym_0      ; d_7        ; 9.400  ; 9.400  ; Rise       ; d_7             ;
; ym_1      ; d_7        ; 16.100 ; 16.100 ; Rise       ; d_7             ;
; bc1       ; iorq       ; 10.100 ; 10.100 ; Rise       ; iorq            ;
; bdir      ; iorq       ; 10.100 ; 10.100 ; Rise       ; iorq            ;
; covox     ; iorq       ; 10.100 ; 10.100 ; Rise       ; iorq            ;
; ioge_c    ; iorq       ; 10.100 ; 10.100 ; Rise       ; iorq            ;
; ym_0      ; iorq       ; 9.500  ; 9.500  ; Rise       ; iorq            ;
; ym_1      ; iorq       ; 16.200 ; 16.200 ; Rise       ; iorq            ;
; bc1       ; iorq       ; 10.100 ; 10.100 ; Fall       ; iorq            ;
; bdir      ; iorq       ; 10.100 ; 10.100 ; Fall       ; iorq            ;
; covox     ; iorq       ; 10.100 ; 10.100 ; Fall       ; iorq            ;
; ioge_c    ; iorq       ; 10.100 ; 10.100 ; Fall       ; iorq            ;
; bc1       ; m1         ; 10.100 ; 10.100 ; Rise       ; m1              ;
; ioge_c    ; m1         ; 10.100 ; 10.100 ; Rise       ; m1              ;
; ym_0      ; m1         ; 9.500  ; 9.500  ; Rise       ; m1              ;
; ym_1      ; m1         ; 16.200 ; 16.200 ; Rise       ; m1              ;
; bc1       ; m1         ; 10.100 ; 10.100 ; Fall       ; m1              ;
; ioge_c    ; m1         ; 10.100 ; 10.100 ; Fall       ; m1              ;
; bdir      ; wr         ; 10.100 ; 10.100 ; Rise       ; wr              ;
; covox     ; wr         ; 10.100 ; 10.100 ; Rise       ; wr              ;
; ioge_c    ; wr         ; 10.100 ; 10.100 ; Rise       ; wr              ;
; ym_0      ; wr         ; 9.500  ; 9.500  ; Rise       ; wr              ;
; ym_1      ; wr         ; 16.200 ; 16.200 ; Rise       ; wr              ;
; bdir      ; wr         ; 10.100 ; 10.100 ; Fall       ; wr              ;
; beeper    ; wr         ; 9.500  ; 9.500  ; Fall       ; wr              ;
; covox     ; wr         ; 10.100 ; 10.100 ; Fall       ; wr              ;
; ioge_c    ; wr         ; 10.100 ; 10.100 ; Fall       ; wr              ;
; tapeout   ; wr         ; 9.500  ; 9.500  ; Fall       ; wr              ;
+-----------+------------+--------+--------+------------+-----------------+


+--------------------------------------------------------------+
; Propagation Delay                                            ;
+------------+-------------+--------+--------+--------+--------+
; Input Port ; Output Port ; RR     ; RF     ; FR     ; FF     ;
+------------+-------------+--------+--------+--------+--------+
; a2         ; covox       ;        ; 10.000 ; 10.000 ;        ;
; cpu_clock  ; ym_clock    ; 10.000 ;        ;        ; 10.000 ;
; dos        ; ioge_c      ;        ; 10.000 ; 10.000 ;        ;
; dos        ; test        ; 10.000 ;        ;        ; 10.000 ;
+------------+-------------+--------+--------+--------+--------+


+--------------------------------------------------------------+
; Minimum Propagation Delay                                    ;
+------------+-------------+--------+--------+--------+--------+
; Input Port ; Output Port ; RR     ; RF     ; FR     ; FF     ;
+------------+-------------+--------+--------+--------+--------+
; a2         ; covox       ;        ; 10.000 ; 10.000 ;        ;
; cpu_clock  ; ym_clock    ; 10.000 ;        ;        ; 10.000 ;
; dos        ; ioge_c      ;        ; 10.000 ; 10.000 ;        ;
; dos        ; test        ; 10.000 ;        ;        ; 10.000 ;
+------------+-------------+--------+--------+--------+--------+


+-------------------------------------------------------------------+
; Setup Transfers                                                   ;
+------------+----------+----------+----------+----------+----------+
; From Clock ; To Clock ; RR Paths ; FR Paths ; RF Paths ; FF Paths ;
+------------+----------+----------+----------+----------+----------+
; d_3        ; wr       ; 0        ; 0        ; 2        ; 2        ;
; d_4        ; wr       ; 0        ; 0        ; 2        ; 2        ;
; iorq       ; wr       ; 0        ; 0        ; 4        ; 4        ;
; wr         ; wr       ; 0        ; 0        ; 0        ; 6        ;
+------------+----------+----------+----------+----------+----------+
Entries labeled "false path" only account for clock-to-clock false paths and not path-based false paths. As a result, actual path counts may be lower than reported.


+-------------------------------------------------------------------+
; Hold Transfers                                                    ;
+------------+----------+----------+----------+----------+----------+
; From Clock ; To Clock ; RR Paths ; FR Paths ; RF Paths ; FF Paths ;
+------------+----------+----------+----------+----------+----------+
; d_3        ; wr       ; 0        ; 0        ; 2        ; 2        ;
; d_4        ; wr       ; 0        ; 0        ; 2        ; 2        ;
; iorq       ; wr       ; 0        ; 0        ; 4        ; 4        ;
; wr         ; wr       ; 0        ; 0        ; 0        ; 6        ;
+------------+----------+----------+----------+----------+----------+
Entries labeled "false path" only account for clock-to-clock false paths and not path-based false paths. As a result, actual path counts may be lower than reported.


---------------
; Report TCCS ;
---------------
No dedicated SERDES Transmitter circuitry present in device or used in design


---------------
; Report RSKM ;
---------------
No dedicated SERDES Receiver circuitry present in device or used in design


+------------------------------------------------+
; Unconstrained Paths                            ;
+---------------------------------+-------+------+
; Property                        ; Setup ; Hold ;
+---------------------------------+-------+------+
; Illegal Clocks                  ; 0     ; 0    ;
; Unconstrained Clocks            ; 0     ; 0    ;
; Unconstrained Input Ports       ; 12    ; 12   ;
; Unconstrained Input Port Paths  ; 25    ; 25   ;
; Unconstrained Output Ports      ; 10    ; 10   ;
; Unconstrained Output Port Paths ; 25    ; 25   ;
+---------------------------------+-------+------+


+------------------------------------+
; TimeQuest Timing Analyzer Messages ;
+------------------------------------+
Info: *******************************************************************
Info: Running Quartus II 64-Bit TimeQuest Timing Analyzer
    Info: Version 13.0.1 Build 232 06/12/2013 Service Pack 1 SJ Web Edition
    Info: Processing started: Sun Nov 13 00:50:45 2022
Info: Command: quartus_sta EPM3032_YM2149x2 -c EPM3032_YM2149x2
Info: qsta_default_script.tcl version: #1
Warning (20028): Parallel compilation is not licensed and has been disabled
Info (306004): Started post-fitting delay annotation
Info (306005): Delay annotation completed successfully
Warning (335095): TimeQuest Timing Analyzer does not support the analysis of latches as synchronous elements for the currently selected device family.
Critical Warning (332012): Synopsys Design Constraints File file not found: 'EPM3032_YM2149x2.sdc'. A Synopsys Design Constraints File is required by the TimeQuest Timing Analyzer to get proper timing constraints. Without it, the Compiler will not properly optimize the design.
Info (332142): No user constrained base clocks found in the design. Calling "derive_clocks -period 1.0"
Info (332105): Deriving Clocks
    Info (332105): create_clock -period 1.000 -name wr wr
    Info (332105): create_clock -period 1.000 -name m1 m1
    Info (332105): create_clock -period 1.000 -name a14 a14
    Info (332105): create_clock -period 1.000 -name d_7 d_7
    Info (332105): create_clock -period 1.000 -name d_6 d_6
    Info (332105): create_clock -period 1.000 -name d_5 d_5
    Info (332105): create_clock -period 1.000 -name d_4 d_4
    Info (332105): create_clock -period 1.000 -name d_3 d_3
    Info (332105): create_clock -period 1.000 -name iorq iorq
    Info (332105): create_clock -period 1.000 -name a15 a15
    Info (332105): create_clock -period 1.000 -name a1 a1
Info: Found TIMEQUEST_REPORT_SCRIPT_INCLUDE_DEFAULT_ANALYSIS = ON
Critical Warning (332148): Timing requirements not met
Info (332146): Worst-case setup slack is -8.700
    Info (332119):     Slack End Point TNS Clock 
    Info (332119): ========= ============= =====================
    Info (332119):    -8.700       -17.400 wr 
Info (332146): Worst-case hold slack is -0.600
    Info (332119):     Slack End Point TNS Clock 
    Info (332119): ========= ============= =====================
    Info (332119):    -0.600        -1.100 wr 
Info (332140): No Recovery paths to report
Info (332140): No Removal paths to report
Info (332146): Worst-case minimum pulse width slack is -3.500
    Info (332119):     Slack End Point TNS Clock 
    Info (332119): ========= ============= =====================
    Info (332119):    -3.500       -21.000 wr 
    Info (332119):    -3.500        -7.000 a1 
    Info (332119):    -3.500        -7.000 a14 
    Info (332119):    -3.500        -7.000 a15 
    Info (332119):    -3.500        -7.000 d_3 
    Info (332119):    -3.500        -7.000 d_4 
    Info (332119):    -3.500        -7.000 d_5 
    Info (332119):    -3.500        -7.000 d_6 
    Info (332119):    -3.500        -7.000 d_7 
    Info (332119):    -3.500        -7.000 iorq 
    Info (332119):    -3.500        -7.000 m1 
Info (332001): The selected device family is not supported by the report_metastability command.
Info (332102): Design is not fully constrained for setup requirements
Info (332102): Design is not fully constrained for hold requirements
Info: Quartus II 64-Bit TimeQuest Timing Analyzer was successful. 0 errors, 4 warnings
    Info: Peak virtual memory: 4503 megabytes
    Info: Processing ended: Sun Nov 13 00:50:46 2022
    Info: Elapsed time: 00:00:01
    Info: Total CPU time (on all processors): 00:00:01


